
Running 1 test using 1 worker

(node:29872) Warning: The 'NO_COLOR' env is ignored due to the 'FORCE_COLOR' env being set.
(Use `node --trace-warnings ...` to show where the warning was created)
  x  1 qa\realm-3d\diagnostics\realm-office-diagnostic.spec.mjs:4:1 › diagnostic 960x600 archive route, return controls and two actual material captures (1.6m)


  1) qa\realm-3d\diagnostics\realm-office-diagnostic.spec.mjs:4:1 › diagnostic 960x600 archive route, return controls and two actual material captures 

    Test timeout of 90000ms exceeded.

    TimeoutError: locator.click: Timeout 10000ms exceeded.
    Call log:
      - waiting for getByRole('button', { name: 'Xem toàn cảnh', exact: true })


      36 |     await observe('archive balanced before screenshot');
      37 |     await page.screenshot({ path: testInfo.outputPath('archive-balanced-960.png'), scale: 'css', timeout: 10000 }); note('balanced screenshot captured');
    > 38 |     await page.getByRole('button', { name: 'Xem toàn cảnh', exact: true }).click();
         |                                                                            ^
      39 |     await expect(world).toHaveAttribute('data-camera', 'overview');
      40 |     await page.getByRole('button', { name: 'Xem toàn cảnh', exact: true }).click();
      41 |     await expect(world).toHaveAttribute('data-camera', 'follow'); note('overview returned to follow');
        at C:\Users\Asus\OneDrive\Tài liệu\Fak that shit\CRMegoric-Realm-3D\qa\realm-3d\diagnostics\realm-office-diagnostic.spec.mjs:38:76

    Error Context: test-results\realm-diagnostic\realm-office-diagnostic-di-6e7f3-wo-actual-material-captures\error-context.md

  1 failed
    qa\realm-3d\diagnostics\realm-office-diagnostic.spec.mjs:4:1 › diagnostic 960x600 archive route, return controls and two actual material captures 
